### test: ./apps/n3n-supernode start ci_sn -v --daemon -Osupernode.macaddr=02:00:00:55:00:00

### test: curl --unix-socket /run/n3n/ci_edge1/mgmt http://x/ -o /tmp/index.html

### test: diff -u src/management_index.html /tmp/index.html

### test: curl --unix-socket /run/n3n/ci_edge1/mgmt http://x/script.js -o /tmp/script.js

### test: diff -u src/management_script.js /tmp/script.js

### test: ./scripts/n3nctl -s ci_edge1 -k n3n stop
0

### test: ./scripts/n3nctl -s ci_sn -k n3n stop
0

